:	chat.py
1:	#!/usr/bin/env python
2:	import argparse
3:	import requests
4:	import os
7:	def chat_with_gpt4(text):
8:	    api_key = os.getenv("OPENAI_API_KEY")
9:	    if not api_key:
11:	    url = "https://api.openai.com/v1/chat/completions"
28:	    if response.status_code == 200:
30:	    else:
36:	def main():
38:	    parser.add_argument("text", help="The text to be used as prompt for GPT-4.")
44:	if __name__ == "__main__":
:	outline.py
6:	# Top-level dictionary for scoring
8:	    "class": 5,
9:	    "def": 4,
10:	    "__main__": 3,
20:	# Define a named tuple for outline entries
24:	class Outline:
25:	    def __init__(self, root_nodes=["."], max_lines=10, scoring=None):
31:	    def traverse(self, node=None):
51:	    def is_binary(self, filename):
58:	    def parse_file(self, filename):
75:	    def score_line(self, line):
85:	    def summarize(self):
99:	if __name__ == "__main__":
